<html>
<body>
<pre>
<h1>µVision Build Log</h1>
<h2>Tool Versions:</h2>
IDE-Version: µVision V5.24.2.0
Copyright (C) 2017 ARM Ltd and ARM Germany GmbH. All rights reserved.
License Information: Gregorio Aiello, University of Basel, LIC=----
 
Tool Versions:
Toolchain:       MDK-Lite  Version: 5.24.1
Toolchain Path:  C:\Keil_v5\ARM\ARMCC\Bin
C Compiler:      Armcc.exe V5.06 update 5 (build 528)
Assembler:       Armasm.exe V5.06 update 5 (build 528)
Linker/Locator:  ArmLink.exe V5.06 update 5 (build 528)
Library Manager: ArmAr.exe V5.06 update 5 (build 528)
Hex Converter:   FromElf.exe V5.06 update 5 (build 528)
CPU DLL:         SARMCM3.DLL V5.24.1
Dialog DLL:      DCM.DLL V1.16.0.0
Target DLL:      STLink\ST-LINKIII-KEIL_SWO.dll V3.0.1.0
Dialog DLL:      TCM.DLL V1.32.0.0
 
<h2>Project:</h2>
C:\Users\aiellog\Desktop\STM\STM_Cabinet_Falcon\MDK-ARM\STM_Cabinet_Falcon.uvprojx
Project File Date:  10/17/2017

<h2>Output:</h2>
*** Using Compiler 'V5.06 update 5 (build 528)', folder: 'C:\Keil_v5\ARM\ARMCC\Bin'
Build target 'STM_Cabinet_Falcon'
compiling main.c...
../Src/main.c(66): warning:  #188-D: enumerated type mixed with another type
  			HAL_GPIO_WritePin(
PIOD, 
D5_Pin|
D3_Pin|
D4_Pin|
D6_Pin, 0);
../Src/main.c(69): warning:  #188-D: enumerated type mixed with another type
  			HAL_GPIO_WritePin(
PIOD, 
D4_Pin, 1);
../Src/main.c(70): warning:  #188-D: enumerated type mixed with another type
  			HAL_GPIO_WritePin(
PIOD, 
D3_Pin|
D5_Pin|
D6_Pin, 0);
../Src/main.c(73): warning:  #188-D: enumerated type mixed with another type
  			HAL_GPIO_WritePin(
PIOD, 
D6_Pin, 1);
../Src/main.c(74): warning:  #188-D: enumerated type mixed with another type
  			HAL_GPIO_WritePin(
PIOD, 
D3_Pin|
D5_Pin|
D4_Pin, 0);
../Src/main.c(77): warning:  #188-D: enumerated type mixed with another type
  			HAL_GPIO_WritePin(
PIOD, 
D4_Pin|
D6_Pin, 1);
../Src/main.c(78): warning:  #188-D: enumerated type mixed with another type
  			HAL_GPIO_WritePin(
PIOD, 
D3_Pin|
D5_Pin, 0);
../Src/main.c(81): warning:  #188-D: enumerated type mixed with another type
  			HAL_GPIO_WritePin(
PIOD, 
D3_Pin, 1);
../Src/main.c(82): warning:  #188-D: enumerated type mixed with another type
  			HAL_GPIO_WritePin(
PIOD, 
D4_Pin|
D5_Pin|
D6_Pin, 0);
../Src/main.c(85): warning:  #188-D: enumerated type mixed with another type
  			HAL_GPIO_WritePin(
PIOD, 
D3_Pin|
D4_Pin, 1);
../Src/main.c(86): warning:  #188-D: enumerated type mixed with another type
  			HAL_GPIO_WritePin(
PIOD, 
D5_Pin|
D6_Pin, 0);
../Src/main.c(89): warning:  #188-D: enumerated type mixed with another type
  			HAL_GPIO_WritePin(
PIOD, 
D3_Pin|
D6_Pin, 1);
../Src/main.c(90): warning:  #188-D: enumerated type mixed with another type
  			HAL_GPIO_WritePin(
PIOD, 
D5_Pin|
D4_Pin, 0);
../Src/main.c(93): warning:  #188-D: enumerated type mixed with another type
  			HAL_GPIO_WritePin(
PIOD, 
D3_Pin|
D4_Pin|
D6_Pin, 1);
../Src/main.c(94): warning:  #188-D: enumerated type mixed with another type
  			HAL_GPIO_WritePin(
PIOD, 
D5_Pin, 0);
../Src/main.c(97): warning:  #188-D: enumerated type mixed with another type
  			HAL_GPIO_WritePin(
PIOD, 
D5_Pin, 1);
../Src/main.c(98): warning:  #188-D: enumerated type mixed with another type
  			HAL_GPIO_WritePin(
PIOD, 
D3_Pin|
D4_Pin|
D6_Pin, 0);
../Src/main.c(101): warning:  #188-D: enumerated type mixed with another type
  			HAL_GPIO_WritePin(
PIOD, 
D5_Pin|
D4_Pin, 1);
../Src/main.c(102): warning:  #188-D: enumerated type mixed with another type
  			HAL_GPIO_WritePin(
PIOD, 
D3_Pin|
D6_Pin, 0);
../Src/main.c(105): warning:  #188-D: enumerated type mixed with another type
  			HAL_GPIO_WritePin(
PIOD, 
D5_Pin|
D6_Pin, 1);
../Src/main.c(106): warning:  #188-D: enumerated type mixed with another type
  			HAL_GPIO_WritePin(
PIOD, 
D3_Pin|
D4_Pin, 0);
../Src/main.c(109): warning:  #188-D: enumerated type mixed with another type
  			HAL_GPIO_WritePin(
PIOD, 
D5_Pin|
D4_Pin|
D6_Pin, 1);
../Src/main.c(110): warning:  #188-D: enumerated type mixed with another type
  			HAL_GPIO_WritePin(
PIOD, 
D3_Pin, 0);
../Src/main.c(113): warning:  #188-D: enumerated type mixed with another type
  			HAL_GPIO_WritePin(
PIOD, 
D5_Pin|
D3_Pin, 1);
../Src/main.c(114): warning:  #188-D: enumerated type mixed with another type
  			HAL_GPIO_WritePin(
PIOD, 
D4_Pin|
D6_Pin, 0);
../Src/main.c(117): warning:  #188-D: enumerated type mixed with another type
  			HAL_GPIO_WritePin(
PIOD, 
D5_Pin|
D3_Pin|
D4_Pin, 1);
../Src/main.c(118): warning:  #188-D: enumerated type mixed with another type
  			HAL_GPIO_WritePin(
PIOD, 
D6_Pin, 0);
../Src/main.c(121): warning:  #188-D: enumerated type mixed with another type
  			HAL_GPIO_WritePin(
PIOD, 
D5_Pin|
D3_Pin|
D6_Pin, 1);
../Src/main.c(122): warning:  #188-D: enumerated type mixed with another type
  			HAL_GPIO_WritePin(
PIOD, 
D4_Pin, 0);
../Src/main.c(125): warning:  #188-D: enumerated type mixed with another type
  			HAL_GPIO_WritePin(
PIOD, 
D5_Pin|
D3_Pin|
D4_Pin|
D6_Pin, 1);
../Src/main.c: 30 warnings, 0 errors
linking...
Program Size: Code=5136 RO-data=448 RW-data=16 ZI-data=1088  
"STM_Cabinet_Falcon\STM_Cabinet_Falcon.axf" - 0 Error(s), 30 Warning(s).

<h2>Software Packages used:</h2>

Package Vendor: ARM
                http://www.keil.com/pack/ARM.CMSIS.5.0.1.pack
                ARM.CMSIS.5.0.1
                CMSIS (Cortex Microcontroller Software Interface Standard)
   * Component: CORE Version: 5.0.1

Package Vendor: Keil
                http://www.keil.com/pack/Keil.STM32F4xx_DFP.2.10.0.pack
                Keil.STM32F4xx_DFP.2.10.0
                STMicroelectronics STM32F4 Series Device Support, Drivers and Examples

<h2>Collection of Component include folders:</h2>
  .\RTE\_STM_Cabinet_Falcon
  C:\Keil_v5\ARM\PACK\ARM\CMSIS\5.0.1\CMSIS\Include
  C:\Keil_v5\ARM\PACK\Keil\STM32F4xx_DFP\2.10.0\Drivers\CMSIS\Device\ST\STM32F4xx\Include

<h2>Collection of Component Files used:</h2>

   * Component: ARM::CMSIS:CORE:5.0.1
Build Time Elapsed:  00:00:03
</pre>
</body>
</html>
